// Jest Snapshot v1, https://goo.gl/fbAQLP

exports[`test invalid filed name 1`] = `"invalid field name = then"`;

exports[`test output type alias 1`] = `
"module Main exposing ()

type alias User =
    { name : String.String
    , age : Basics.Int
    }
"
`;

exports[`test output variant 1`] = `
"module Main exposing (Color(..))

type Color
    = Red
    | Green
    | Blue
"
`;
